// Vitest Snapshot v1, https://vitest.dev/guide/snapshot.html

exports[`Radio Button > renders correctly 1`] = `
{
  "asFragment": [Function],
  "baseElement": <body>
    <div>
      <div>
        <label
          class="flex items-start"
          for="hello"
        >
          <input
            class="peer hidden"
            data-testid="hello"
            id="hello"
            name="role"
            type="radio"
          />
          <div
            class="w-4 h-4 border cursor-pointer border-gray-300 rounded-full transition bg-white mr-2 relative after:absolute after:w-[6px] after:h-[6px] after:bg-primary-600 after:rounded-full after:top-1/2 after:left-1/2 after:-translate-1/2 after:opacity-0 after:transition lg:hover:bg-primary-50 lg:hover:border-primary-600 peer-checked:bg-primary-50 peer-checked:border-primary-600 peer-checked:after:opacity-100"
          />
          <em>
            Hello
          </em>
        </label>
        <label
          class="flex items-start"
          for="world"
        >
          <input
            class="peer hidden"
            data-testid="world"
            id="world"
            name="role"
            type="radio"
          />
          <div
            class="w-4 h-4 border cursor-pointer border-gray-300 rounded-full transition bg-white mr-2 relative after:absolute after:w-[6px] after:h-[6px] after:bg-primary-600 after:rounded-full after:top-1/2 after:left-1/2 after:-translate-1/2 after:opacity-0 after:transition lg:hover:bg-primary-50 lg:hover:border-primary-600 peer-checked:bg-primary-50 peer-checked:border-primary-600 peer-checked:after:opacity-100"
          />
          <em>
            World
          </em>
        </label>
      </div>
    </div>
  </body>,
  "container": <div>
    <div>
      <label
        class="flex items-start"
        for="hello"
      >
        <input
          class="peer hidden"
          data-testid="hello"
          id="hello"
          name="role"
          type="radio"
        />
        <div
          class="w-4 h-4 border cursor-pointer border-gray-300 rounded-full transition bg-white mr-2 relative after:absolute after:w-[6px] after:h-[6px] after:bg-primary-600 after:rounded-full after:top-1/2 after:left-1/2 after:-translate-1/2 after:opacity-0 after:transition lg:hover:bg-primary-50 lg:hover:border-primary-600 peer-checked:bg-primary-50 peer-checked:border-primary-600 peer-checked:after:opacity-100"
        />
        <em>
          Hello
        </em>
      </label>
      <label
        class="flex items-start"
        for="world"
      >
        <input
          class="peer hidden"
          data-testid="world"
          id="world"
          name="role"
          type="radio"
        />
        <div
          class="w-4 h-4 border cursor-pointer border-gray-300 rounded-full transition bg-white mr-2 relative after:absolute after:w-[6px] after:h-[6px] after:bg-primary-600 after:rounded-full after:top-1/2 after:left-1/2 after:-translate-1/2 after:opacity-0 after:transition lg:hover:bg-primary-50 lg:hover:border-primary-600 peer-checked:bg-primary-50 peer-checked:border-primary-600 peer-checked:after:opacity-100"
        />
        <em>
          World
        </em>
      </label>
    </div>
  </div>,
  "debug": [Function],
  "findAllByAltText": [Function],
  "findAllByDisplayValue": [Function],
  "findAllByLabelText": [Function],
  "findAllByPlaceholderText": [Function],
  "findAllByRole": [Function],
  "findAllByTestId": [Function],
  "findAllByText": [Function],
  "findAllByTitle": [Function],
  "findByAltText": [Function],
  "findByDisplayValue": [Function],
  "findByLabelText": [Function],
  "findByPlaceholderText": [Function],
  "findByRole": [Function],
  "findByTestId": [Function],
  "findByText": [Function],
  "findByTitle": [Function],
  "getAllByAltText": [Function],
  "getAllByDisplayValue": [Function],
  "getAllByLabelText": [Function],
  "getAllByPlaceholderText": [Function],
  "getAllByRole": [Function],
  "getAllByTestId": [Function],
  "getAllByText": [Function],
  "getAllByTitle": [Function],
  "getByAltText": [Function],
  "getByDisplayValue": [Function],
  "getByLabelText": [Function],
  "getByPlaceholderText": [Function],
  "getByRole": [Function],
  "getByTestId": [Function],
  "getByText": [Function],
  "getByTitle": [Function],
  "queryAllByAltText": [Function],
  "queryAllByDisplayValue": [Function],
  "queryAllByLabelText": [Function],
  "queryAllByPlaceholderText": [Function],
  "queryAllByRole": [Function],
  "queryAllByTestId": [Function],
  "queryAllByText": [Function],
  "queryAllByTitle": [Function],
  "queryByAltText": [Function],
  "queryByDisplayValue": [Function],
  "queryByLabelText": [Function],
  "queryByPlaceholderText": [Function],
  "queryByRole": [Function],
  "queryByTestId": [Function],
  "queryByText": [Function],
  "queryByTitle": [Function],
  "rerender": [Function],
  "unmount": [Function],
}
`;
